<html>
<body>
<pre>
<h1>礦ision Build Log</h1>
<h2>Tool Versions:</h2>
IDE-Version: μVision V5.25.2.0
Copyright (C) 2018 ARM Ltd and ARM Germany GmbH. All rights reserved.
License Information: 71 71, 71, LIC=GMZI6-DU2A7-VEMHA-1AJM6-W5ZIG-8RT7T
 
Tool Versions:
Toolchain:       MDK-ARM Plus  Version: 5.25.2.0
Toolchain Path:  D:\Keil5\ARM\ARMCC\Bin
C Compiler:      Armcc.exe V5.06 update 6 (build 750)
Assembler:       Armasm.exe V5.06 update 6 (build 750)
Linker/Locator:  ArmLink.exe V5.06 update 6 (build 750)
Library Manager: ArmAr.exe V5.06 update 6 (build 750)
Hex Converter:   FromElf.exe V5.06 update 6 (build 750)
CPU DLL:         SARMCM3.DLL V5.25.2.0
Dialog DLL:      DCM.DLL V1.17.1.0
Target DLL:      Segger\JL2CM3.dll V2.99.29.0
Dialog DLL:      TCM.DLL V1.35.1.0
 
<h2>Project:</h2>
C:\Users\wl123\Desktop\跳绳资料\FR801xH-SDK-master\examples\none_evm\ble_simple_peripheral -12.22（3）\keil\ble_simple_peripheral.uvproj
Project File Date:  12/22/2023

<h2>Output:</h2>
*** Using Compiler 'V5.06 update 6 (build 750)', folder: 'D:\Keil5\ARM\ARMCC\Bin'
Rebuild target 'ble_simple_peripheral'
compiling simple_gatt_service.c...
compiling driver_keyscan.c...
compiling user_task.c...
..\code\user_task.c(16): warning:  #177-D: variable "id"  was declared but never referenced
  		uint16_t id = param->event_id;    //获取消息ID
..\code\user_task.c: 1 warning, 0 errors
compiling driver_pmu_qdec.c...
compiling button.c...
compiling driver_pmu.c...
compiling driver_rtc.c...
compiling driver_wdt.c...
compiling ble_simple_peripheral.c...
compiling proj_main.c...
compiling driver_iic.c...
assembling app_boot_vectors.s...
compiling driver_i2s.c...
compiling use_peripheral.c...
compiling driver_exti.c...
compiling driver_uart.c...
compiling driver_efuse.c...
compiling driver_timer.c...
compiling core_cm3_isr.c...
compiling patch.c...
linking...
Program Size: Code=93352 RO-data=4360 RW-data=1256 ZI-data=3412  
After Build - User command #1: fromelf.exe  --text  -c -o Output/ble_simple_peripheral.txt  Objects/ble_simple_peripheral.axf
After Build - User command #2: fromelf.exe  --bin -o Output/ble_simple_peripheral.bin  Objects/ble_simple_peripheral.axf
".\Objects\ble_simple_peripheral.axf" - 0 Error(s), 1 Warning(s).
Build Time Elapsed:  00:00:01
</pre>
</body>
</html>
